       1631 产品原料信息               fn.UdfGetLBL_ProductRawMaterial()                                                                                                                                                                                                                                                                                                                                                                                                                                                                                                                                                                                                                                                                                                                                                                                                                                                                                                                                                                                                                                                                                                                                                                                                                                                                                                                                                                                                                                                                                                                                                                                                                                                                                                                                                                                                                                                                                                                                                                                                                                               
       1631 UdfGetLBL_ProductRawMaterial                                 2 500                            0
           2        1579 物料编码                                              
           2        1580 物料名称                                              
           2        1581 物料规格                                              
           2        1582 原料批次号                                             
           2        1583 生产日期                                              
           2        1584 供应商名称                                             
           2        1585 来料数量                                              
           2        1586 物料条码                                              
           2        1587 来料单位                                              
           2        1590 采购单号                                              
           2        1631 产品原料信息                                            
          9                23155 HAS_KEY 
产品:0201-00345 GUIDE-STOPPER PAPER | 原料:0303-00004 POM F20-02 NATURAL
产品:0201-00207 COVER-HANDLE LEFT | 原料:0301-00017 ABS HF-0660I W92763,0301-00018 ABS CM-0140M W92763

S260309A001-1                                      001                                                          0 0201-00345                                                NULL           50 2026-03-09 08:00:00.000
S260309A001-1                                      001                                                          0 0201-00345                                                NULL           50 2026-03-09 08:00:00.000
S260309A001-1                                      001                                                          0 0201-00345                                                NULL           50 2026-03-09 08:00:00.000
       1579 物料编码                
       1580 物料名称                
       1581 物料规格                
       1582 原料批次号               
       1583 生产日期                
       1584 供应商名称               
       1585 来料数量                
       1586 物料条码                
       1587 来料单位                
       1590 采购单号                
       1631 产品原料信息              
